../Core/Src/main.c:214:5:main	6
../Core/Src/main.c:299:6:SystemClock_Config	3
../Core/Src/main.c:347:13:MX_DAC_Init	4
../Core/Src/main.c:395:13:MX_TIM1_Init	5
../Core/Src/main.c:460:13:MX_TIM6_Init	3
../Core/Src/main.c:498:13:MX_USART2_UART_Init	2
../Core/Src/main.c:529:13:MX_DMA_Init	1
../Core/Src/main.c:547:13:MX_GPIO_Init	1
../Core/Src/main.c:578:6:playSonic	3
../Core/Src/main.c:600:6:playDOOM	3
../Core/Src/main.c:624:6:playTetrisDAC	2
../Core/Src/main.c:647:6:playDOOM_DAC	2
../Core/Src/main.c:670:6:playMelodyDAC	2
../Core/Src/main.c:693:6:playSonicDAC	1
../Core/Src/main.c:697:6:playDOOMDAC	1
../Core/Src/main.c:701:6:generateSineWave	2
../Core/Src/main.c:706:6:HAL_TIM_PeriodElapsedCallback	7
../Core/Src/main.c:726:6:Error_Handler	1
