../Core/Src/main.c:214:5:main	136	static
../Core/Src/main.c:299:6:SystemClock_Config	88	static
../Core/Src/main.c:347:13:MX_DAC_Init	16	static
../Core/Src/main.c:395:13:MX_TIM1_Init	80	static
../Core/Src/main.c:460:13:MX_TIM6_Init	16	static
../Core/Src/main.c:498:13:MX_USART2_UART_Init	8	static
../Core/Src/main.c:529:13:MX_DMA_Init	16	static
../Core/Src/main.c:547:13:MX_GPIO_Init	48	static
../Core/Src/main.c:578:6:playSonic	24	static
../Core/Src/main.c:600:6:playDOOM	24	static
../Core/Src/main.c:624:6:playTetrisDAC	24	static
../Core/Src/main.c:647:6:playDOOM_DAC	24	static
../Core/Src/main.c:670:6:playMelodyDAC	40	static
../Core/Src/main.c:693:6:playSonicDAC	8	static
../Core/Src/main.c:697:6:playDOOMDAC	8	static
../Core/Src/main.c:701:6:generateSineWave	16	static
../Core/Src/main.c:706:6:HAL_TIM_PeriodElapsedCallback	16	static
../Core/Src/main.c:726:6:Error_Handler	4	static,ignoring_inline_asm
