../Core/Src/main.c:76:5:main	8	static
../Core/Src/main.c:126:6:SystemClock_Config	88	static
../Core/Src/main.c:174:13:MX_GPIO_Init	48	static
../Core/Src/main.c:245:6:iniciarCuentaRegresiva	16	static
../Core/Src/main.c:256:6:mostrarGanador	16	static
../Core/Src/main.c:260:6:mostrarNumero	16	static
../Core/Src/main.c:314:6:actualizarLEDsJugador1	8	static
../Core/Src/main.c:321:6:encenderTodosLEDsJugador1	8	static
../Core/Src/main.c:328:6:apagarTodosLEDsJugador2	8	static
../Core/Src/main.c:335:6:actualizarLEDsJugador2	8	static
../Core/Src/main.c:342:6:encenderTodosLEDsJugador2	8	static
../Core/Src/main.c:349:6:apagarTodosLEDsJugador1	8	static
../Core/Src/main.c:356:6:HAL_GPIO_EXTI_Callback	16	static
../Core/Src/main.c:400:6:Error_Handler	4	static,ignoring_inline_asm
