../Core/Src/main.c:82:5:main	1
../Core/Src/main.c:136:6:SystemClock_Config	3
../Core/Src/main.c:184:13:MX_ADC1_Init	4
../Core/Src/main.c:245:13:MX_TIM2_Init	4
../Core/Src/main.c:290:13:MX_USART1_UART_Init	2
../Core/Src/main.c:323:13:MX_USART2_UART_Init	2
../Core/Src/main.c:354:13:MX_DMA_Init	1
../Core/Src/main.c:372:13:MX_GPIO_Init	1
../Core/Src/main.c:388:6:HAL_UART_RxCpltCallback	10
../Core/Src/main.c:417:6:HAL_ADC_ConvCpltCallback	4
../Core/Src/main.c:433:6:HAL_TIM_PeriodElapsedCallback	2
../Core/Src/main.c:445:6:Error_Handler	1
