23:44:42 **** Incremental Build of configuration Debug for project DACPWN ****
make -j16 all 
arm-none-eabi-size  DACPWN.elf 
   text	   data	    bss	    dec	    hex	filename
  26820	    420	   2052	  29292	   726c	DACPWN.elf
Finished building: default.size.stdout
 
23:44:45 **** Incremental Build of configuration Debug for project DACPWN ****
make -j16 all 
arm-none-eabi-size  DACPWN.elf 
   text	   data	    bss	    dec	    hex	filename
  26820	    420	   2052	  29292	   726c	DACPWN.elf
Finished building: default.size.stdout
 
